[2026-04-26T20:27:07.590Z] 1-hour verify loop start | will stop at 2026-04-26T21:27:07.587Z
[2026-04-26T20:27:07.591Z] === ROUND 1 starting (60min remaining) ===
[2026-04-26T20:27:07.670Z] verify start | label=verify-mog7yu3w | testers=5 | model=grok-4
[2026-04-26T20:27:07.672Z] [w0] buys-all start | fan=loop-verify-buys-all-w0-mog7yu54-x4jt | behavior=buys-everything
[2026-04-26T20:27:07.672Z] [w1] buys-all start | fan=loop-verify-buys-all-w1-mog7yu54-cae8 | behavior=buys-everything
[2026-04-26T20:27:07.672Z] [w2] buys-all start | fan=loop-verify-buys-all-w2-mog7yu54-btax | behavior=buys-everything
[2026-04-26T20:27:07.672Z] [w3] buys-one start | fan=loop-verify-buys-one-w3-mog7yu54-0hxh | behavior=buys-one-then-stops
[2026-04-26T20:27:07.672Z] [w4] buys-one start | fan=loop-verify-buys-one-w4-mog7yu54-blge | behavior=buys-one-then-stops
[2026-04-26T20:36:22.411Z] [w0] buys-all/buys-everything done | ppvs=8 bought=8 order="S1R1 → S1R2 → S1R3 → S1R4 → S2R1 → S2R2 → S2R3 → S2R4" caps_with_price=0 firstPpvMsg=12
[2026-04-26T20:36:22.414Z] [w1] buys-all/buys-everything done | ppvs=9 bought=9 order="S1R1 → S1R2 → S1R3 → S1R4 → S2R1 → S2R2 → S3R2 → S4R2 → S3R3" caps_with_price=0 firstPpvMsg=12
[2026-04-26T20:36:22.417Z] [w2] buys-all/buys-everything done | ppvs=10 bought=10 order="S1R1 → S1R2 → S1R3 → S1R4 → S2R1 → S2R2 → S3R2 → S3R3 → S2R3 → S3R4" caps_with_price=0 firstPpvMsg=12
[2026-04-26T20:36:22.418Z] [w3] buys-one/buys-one-then-stops done | ppvs=2 bought=1 order="S1R1 → S1R2" caps_with_price=0 firstPpvMsg=12
[2026-04-26T20:36:22.419Z] [w4] buys-one/buys-one-then-stops done | ppvs=2 bought=1 order="S1R1 → S1R2" caps_with_price=0 firstPpvMsg=14
[2026-04-26T20:36:22.420Z] DONE | summary → C:\Users\Predator\Desktop\PeachBot V2\loop\state\verify-mog7yu3w.summary.json | transcripts → C:\Users\Predator\Desktop\PeachBot V2\loop\state\transcripts.verify-mog7yu3w

=== VERDICT ===
w0 buys-everything: order=S1R1 → S1R2 → S1R3 → S1R4 → S2R1 → S2R2 → S2R3 → S2R4 | violations=NONE ✓ | captionsWithPrice=0 ✓ | rapportGate=OK ✓
w1 buys-everything: order=S1R1 → S1R2 → S1R3 → S1R4 → S2R1 → S2R2 → S3R2 → S4R2 → S3R3 | violations=jumped from S2R2 to S3R2; jumped from S3R2 to S4R2; jumped from S4R2 to S3R3 | captionsWithPrice=0 ✓ | rapportGate=OK ✓
w2 buys-everything: order=S1R1 → S1R2 → S1R3 → S1R4 → S2R1 → S2R2 → S3R2 → S3R3 → S2R3 → S3R4 | violations=jumped from S2R2 to S3R2; jumped from S3R3 to S2R3; jumped from S2R3 to S3R4 | captionsWithPrice=0 ✓ | rapportGate=OK ✓
w3 buys-one-then-stops: order=S1R1 → S1R2 | violations=NONE ✓ | captionsWithPrice=0 ✓ | rapportGate=OK ✓ | pitchesAfterIgnore=1 (target: ≤2)
w4 buys-one-then-stops: order=S1R1 → S1R2 | violations=NONE ✓ | captionsWithPrice=0 ✓ | rapportGate=OK ✓ | pitchesAfterIgnore=1 (target: ≤2)
[2026-04-26T20:36:22.432Z] === ROUND 1 done (exit 0) ===
[2026-04-26T20:36:27.434Z] === ROUND 2 starting (51min remaining) ===
[2026-04-26T20:36:27.515Z] verify start | label=verify-mog8au39 | testers=5 | model=grok-4
[2026-04-26T20:36:27.516Z] [w0] buys-all start | fan=loop-verify-buys-all-w0-mog8au4c-aogj | behavior=buys-everything
[2026-04-26T20:36:27.516Z] [w1] buys-all start | fan=loop-verify-buys-all-w1-mog8au4c-saog | behavior=buys-everything
[2026-04-26T20:36:27.516Z] [w2] buys-all start | fan=loop-verify-buys-all-w2-mog8au4c-j0g7 | behavior=buys-everything
[2026-04-26T20:36:27.516Z] [w3] buys-one start | fan=loop-verify-buys-one-w3-mog8au4c-i6ny | behavior=buys-one-then-stops
[2026-04-26T20:36:27.516Z] [w4] buys-one start | fan=loop-verify-buys-one-w4-mog8au4c-vvwi | behavior=buys-one-then-stops
[2026-04-26T20:51:59.063Z] [w4] buys-one turn 16 no bot reply
[2026-04-26T20:53:00.606Z] [w0] buys-all/buys-everything done | ppvs=8 bought=8 order="S1R1 → S1R2 → S1R3 → S1R4 → S2R1 → S2R2 → S3R2 → S3R3" caps_with_price=0 firstPpvMsg=12
[2026-04-26T20:53:00.610Z] [w1] buys-all/buys-everything done | ppvs=6 bought=6 order="S1R1 → S1R2 → S1R3 → S1R4 → S2R1 → S2R2" caps_with_price=0 firstPpvMsg=12
[2026-04-26T20:53:00.614Z] [w2] buys-all/buys-everything done | ppvs=7 bought=7 order="S1R1 → S1R2 → S1R3 → S2R2 → S3R2 → S1R4 → S4R2" caps_with_price=0 firstPpvMsg=14
[2026-04-26T20:53:00.615Z] [w3] buys-one/buys-one-then-stops done | ppvs=2 bought=1 order="S1R1 → S1R2" caps_with_price=0 firstPpvMsg=14
[2026-04-26T20:53:00.616Z] [w4] buys-one/buys-one-then-stops done | ppvs=3 bought=1 order="S3R2 → S4R2 → S3R3" caps_with_price=0 firstPpvMsg=12
[2026-04-26T20:53:00.617Z] DONE | summary → C:\Users\Predator\Desktop\PeachBot V2\loop\state\verify-mog8au39.summary.json | transcripts → C:\Users\Predator\Desktop\PeachBot V2\loop\state\transcripts.verify-mog8au39

=== VERDICT ===
w0 buys-everything: order=S1R1 → S1R2 → S1R3 → S1R4 → S2R1 → S2R2 → S3R2 → S3R3 | violations=jumped from S2R2 to S3R2 | captionsWithPrice=0 ✓ | rapportGate=OK ✓
w1 buys-everything: order=S1R1 → S1R2 → S1R3 → S1R4 → S2R1 → S2R2 | violations=NONE ✓ | captionsWithPrice=0 ✓ | rapportGate=OK ✓
w2 buys-everything: order=S1R1 → S1R2 → S1R3 → S2R2 → S3R2 → S1R4 → S4R2 | violations=jumped from S1R3 to S2R2; jumped from S2R2 to S3R2; jumped from S3R2 to S1R4; jumped from S1R4 to S4R2 | captionsWithPrice=0 ✓ | rapportGate=OK ✓
w3 buys-one-then-stops: order=S1R1 → S1R2 | violations=NONE ✓ | captionsWithPrice=0 ✓ | rapportGate=OK ✓ | pitchesAfterIgnore=1 (target: ≤2)
w4 buys-one-then-stops: order=S3R2 → S4R2 → S3R3 | violations=jumped from S3R2 to S4R2; jumped from S4R2 to S3R3 | captionsWithPrice=0 ✓ | rapportGate=OK ✓ | pitchesAfterIgnore=2 (target: ≤2)
[2026-04-26T20:53:00.626Z] === ROUND 2 done (exit 0) ===
[2026-04-26T20:53:05.634Z] === ROUND 3 starting (34min remaining) ===
[2026-04-26T20:53:05.719Z] verify start | label=verify-mog8w8b5 | testers=5 | model=grok-4
[2026-04-26T20:53:05.720Z] [w0] buys-all start | fan=loop-verify-buys-all-w0-mog8w8c8-sxv1 | behavior=buys-everything
[2026-04-26T20:53:05.720Z] [w1] buys-all start | fan=loop-verify-buys-all-w1-mog8w8c8-43te | behavior=buys-everything
[2026-04-26T20:53:05.720Z] [w2] buys-all start | fan=loop-verify-buys-all-w2-mog8w8c8-xktd | behavior=buys-everything
[2026-04-26T20:53:05.720Z] [w3] buys-one start | fan=loop-verify-buys-one-w3-mog8w8c8-s18s | behavior=buys-one-then-stops
[2026-04-26T20:53:05.720Z] [w4] buys-one start | fan=loop-verify-buys-one-w4-mog8w8c8-pugb | behavior=buys-one-then-stops
